Archive member included to satisfy reference by file (symbol)

d:/not games/stm32cubeide_1.7.0/stm32cubeide/plugins/com.st.stm32cube.ide.mcu.externaltools.gnu-tools-for-stm32.9-2020-q2-update.win32_2.0.0.202105311346/tools/bin/../lib/gcc/arm-none-eabi/9.3.1/../../../../arm-none-eabi/lib/thumb/v7-m/nofp\libc_nano.a(lib_a-errno.o)
                              ./Core/Src/syscalls.o (__errno)
d:/not games/stm32cubeide_1.7.0/stm32cubeide/plugins/com.st.stm32cube.ide.mcu.externaltools.gnu-tools-for-stm32.9-2020-q2-update.win32_2.0.0.202105311346/tools/bin/../lib/gcc/arm-none-eabi/9.3.1/../../../../arm-none-eabi/lib/thumb/v7-m/nofp\libc_nano.a(lib_a-exit.o)
                              d:/not games/stm32cubeide_1.7.0/stm32cubeide/plugins/com.st.stm32cube.ide.mcu.externaltools.gnu-tools-for-stm32.9-2020-q2-update.win32_2.0.0.202105311346/tools/bin/../lib/gcc/arm-none-eabi/9.3.1/../../../../arm-none-eabi/lib/thumb/v7-m/nofp/crt0.o (exit)
d:/not games/stm32cubeide_1.7.0/stm32cubeide/plugins/com.st.stm32cube.ide.mcu.externaltools.gnu-tools-for-stm32.9-2020-q2-update.win32_2.0.0.202105311346/tools/bin/../lib/gcc/arm-none-eabi/9.3.1/../../../../arm-none-eabi/lib/thumb/v7-m/nofp\libc_nano.a(lib_a-impure.o)
                              d:/not games/stm32cubeide_1.7.0/stm32cubeide/plugins/com.st.stm32cube.ide.mcu.externaltools.gnu-tools-for-stm32.9-2020-q2-update.win32_2.0.0.202105311346/tools/bin/../lib/gcc/arm-none-eabi/9.3.1/../../../../arm-none-eabi/lib/thumb/v7-m/nofp\libc_nano.a(lib_a-exit.o) (_global_impure_ptr)
d:/not games/stm32cubeide_1.7.0/stm32cubeide/plugins/com.st.stm32cube.ide.mcu.externaltools.gnu-tools-for-stm32.9-2020-q2-update.win32_2.0.0.202105311346/tools/bin/../lib/gcc/arm-none-eabi/9.3.1/../../../../arm-none-eabi/lib/thumb/v7-m/nofp\libc_nano.a(lib_a-init.o)
                              d:/not games/stm32cubeide_1.7.0/stm32cubeide/plugins/com.st.stm32cube.ide.mcu.externaltools.gnu-tools-for-stm32.9-2020-q2-update.win32_2.0.0.202105311346/tools/bin/../lib/gcc/arm-none-eabi/9.3.1/../../../../arm-none-eabi/lib/thumb/v7-m/nofp/crt0.o (__libc_init_array)
d:/not games/stm32cubeide_1.7.0/stm32cubeide/plugins/com.st.stm32cube.ide.mcu.externaltools.gnu-tools-for-stm32.9-2020-q2-update.win32_2.0.0.202105311346/tools/bin/../lib/gcc/arm-none-eabi/9.3.1/../../../../arm-none-eabi/lib/thumb/v7-m/nofp\libc_nano.a(lib_a-memset.o)
                              d:/not games/stm32cubeide_1.7.0/stm32cubeide/plugins/com.st.stm32cube.ide.mcu.externaltools.gnu-tools-for-stm32.9-2020-q2-update.win32_2.0.0.202105311346/tools/bin/../lib/gcc/arm-none-eabi/9.3.1/../../../../arm-none-eabi/lib/thumb/v7-m/nofp/crt0.o (memset)

Allocating common symbols
Common symbol       size              file

trafficTimer2_flag  0x4               ./Core/Src/software_timer.o
isInManual          0x4               ./Core/Src/global.o
countDownTimer1_flag
                    0x4               ./Core/Src/software_timer.o
countDownTimer1_counter
                    0x4               ./Core/Src/software_timer.o
segmentIndexManual  0x4               ./Core/Src/global.o
isYellowMode        0x4               ./Core/Src/global.o
isRedMode           0x4               ./Core/Src/global.o
segment1Counter     0x4               ./Core/Src/global.o
timerLed_counter    0x4               ./Core/Src/software_timer.o
button_longPressed_flag
                    0x10              ./Core/Src/button.o
isPedestrian        0x4               ./Core/Src/global.o
trafficTimer2_counter
                    0x4               ./Core/Src/software_timer.o
uwTick              0x4               ./Drivers/STM32F1xx_HAL_Driver/Src/stm32f1xx_hal.o
pFlash              0x20              ./Drivers/STM32F1xx_HAL_Driver/Src/stm32f1xx_hal_flash.o
waitTimer_counter   0x4               ./Core/Src/software_timer.o
segment2Counter     0x4               ./Core/Src/global.o
tempCounter         0x4               ./Core/Src/global.o
htim3               0x48              ./Core/Src/main.o
state               0x1               ./Core/Src/global.o
isInAuto            0x4               ./Core/Src/global.o
isInChange          0x4               ./Core/Src/global.o
isGreenMode         0x4               ./Core/Src/global.o
button_flag         0x10              ./Core/Src/button.o
segmentIndexAuto    0x4               ./Core/Src/global.o
timerLed_flag       0x4               ./Core/Src/software_timer.o
countDownTimer2_flag
                    0x4               ./Core/Src/software_timer.o
isPedestrianPressed
                    0x4               ./Core/Src/global.o
timeCounter         0x4               ./Core/Src/global.o
trafficTimer1_counter
                    0x4               ./Core/Src/software_timer.o
modifyTimer_flag    0x4               ./Core/Src/software_timer.o
countDownTimer2_counter
                    0x4               ./Core/Src/software_timer.o
scanFreqTimer_flag  0x4               ./Core/Src/software_timer.o
wasInModify         0x4               ./Core/Src/global.o
[...]
Memory Configuration

Name             Origin             Length             Attributes
RAM              0x0000000020000000 0x0000000000005000 xrw
FLASH            0x0000000008000000 0x0000000000020000 xr
*default*        0x0000000000000000 0xffffffffffffffff

Linker script and memory map

LOAD d:/not games/stm32cubeide_1.7.0/stm32cubeide/plugins/com.st.stm32cube.ide.mcu.externaltools.gnu-tools-for-stm32.9-2020-q2-update.win32_2.0.0.202105311346/tools/bin/../lib/gcc/arm-none-eabi/9.3.1/thumb/v7-m/nofp/crti.o
LOAD d:/not games/stm32cubeide_1.7.0/stm32cubeide/plugins/com.st.stm32cube.ide.mcu.externaltools.gnu-tools-for-stm32.9-2020-q2-update.win32_2.0.0.202105311346/tools/bin/../lib/gcc/arm-none-eabi/9.3.1/thumb/v7-m/nofp/crtbegin.o
LOAD d:/not games/stm32cubeide_1.7.0/stm32cubeide/plugins/com.st.stm32cube.ide.mcu.externaltools.gnu-tools-for-stm32.9-2020-q2-update.win32_2.0.0.202105311346/tools/bin/../lib/gcc/arm-none-eabi/9.3.1/../../../../arm-none-eabi/lib/thumb/v7-m/nofp/crt0.o
LOAD ./Core/Src/button.o
LOAD ./Core/Src/fsm_automatic.o
LOAD ./Core/Src/fsm_change.o
LOAD ./Core/Src/fsm_manual.o
LOAD ./Core/Src/fsm_pedestrian.o
LOAD ./Core/Src/global.o
LOAD ./Core/Src/led_segment_control.o
LOAD ./Core/Src/main.o
LOAD ./Core/Src/melody.o
LOAD ./Core/Src/software_timer.o
LOAD ./Core/Src/stm32f1xx_hal_msp.o
LOAD ./Core/Src/stm32f1xx_it.o
LOAD ./Core/Src/syscalls.o
LOAD ./Core/Src/sysmem.o
LOAD ./Core/Src/system_stm32f1xx.o
LOAD ./Core/Startup/startup_stm32f103rbtx.o
LOAD ./Drivers/STM32F1xx_HAL_Driver/Src/stm32f1xx_hal.o
LOAD ./Drivers/STM32F1xx_HAL_Driver/Src/stm32f1xx_hal_cortex.o
LOAD ./Drivers/STM32F1xx_HAL_Driver/Src/stm32f1xx_hal_dma.o
LOAD ./Drivers/STM32F1xx_HAL_Driver/Src/stm32f1xx_hal_exti.o
LOAD ./Drivers/STM32F1xx_HAL_Driver/Src/stm32f1xx_hal_flash.o
LOAD ./Drivers/STM32F1xx_HAL_Driver/Src/stm32f1xx_hal_flash_ex.o
LOAD ./Drivers/STM32F1xx_HAL_Driver/Src/stm32f1xx_hal_gpio.o
LOAD ./Drivers/STM32F1xx_HAL_Driver/Src/stm32f1xx_hal_gpio_ex.o
LOAD ./Drivers/STM32F1xx_HAL_Driver/Src/stm32f1xx_hal_pwr.o
LOAD ./Drivers/STM32F1xx_HAL_Driver/Src/stm32f1xx_hal_rcc.o
LOAD ./Drivers/STM32F1xx_HAL_Driver/Src/stm32f1xx_hal_rcc_ex.o
LOAD ./Drivers/STM32F1xx_HAL_Driver/Src/stm32f1xx_hal_tim.o
LOAD ./Drivers/STM32F1xx_HAL_Driver/Src/stm32f1xx_hal_tim_ex.o
LOAD ./Drivers/STM32F1xx_HAL_Driver/Src/stm32f1xx_hal_uart.o
START GROUP
LOAD d:/not games/stm32cubeide_1.7.0/stm32cubeide/plugins/com.st.stm32cube.ide.mcu.externaltools.gnu-tools-for-stm32.9-2020-q2-update.win32_2.0.0.202105311346/tools/bin/../lib/gcc/arm-none-eabi/9.3.1/../../../../arm-none-eabi/lib/thumb/v7-m/nofp\libc_nano.a
LOAD d:/not games/stm32cubeide_1.7.0/stm32cubeide/plugins/com.st.stm32cube.ide.mcu.externaltools.gnu-tools-for-stm32.9-2020-q2-update.win32_2.0.0.202105311346/tools/bin/../lib/gcc/arm-none-eabi/9.3.1/../../../../arm-none-eabi/lib/thumb/v7-m/nofp\libm.a
END GROUP
START GROUP
LOAD d:/not games/stm32cubeide_1.7.0/stm32cubeide/plugins/com.st.stm32cube.ide.mcu.externaltools.gnu-tools-for-stm32.9-2020-q2-update.win32_2.0.0.202105311346/tools/bin/../lib/gcc/arm-none-eabi/9.3.1/thumb/v7-m/nofp\libgcc.a
LOAD d:/not games/stm32cubeide_1.7.0/stm32cubeide/plugins/com.st.stm32cube.ide.mcu.externaltools.gnu-tools-for-stm32.9-2020-q2-update.win32_2.0.0.202105311346/tools/bin/../lib/gcc/arm-none-eabi/9.3.1/../../../../arm-none-eabi/lib/thumb/v7-m/nofp\libc_nano.a
END GROUP
START GROUP
LOAD d:/not games/stm32cubeide_1.7.0/stm32cubeide/plugins/com.st.stm32cube.ide.mcu.externaltools.gnu-tools-for-stm32.9-2020-q2-update.win32_2.0.0.202105311346/tools/bin/../lib/gcc/arm-none-eabi/9.3.1/thumb/v7-m/nofp\libgcc.a
LOAD d:/not games/stm32cubeide_1.7.0/stm32cubeide/plugins/com.st.stm32cube.ide.mcu.externaltools.gnu-tools-for-stm32.9-2020-q2-update.win32_2.0.0.202105311346/tools/bin/../lib/gcc/arm-none-eabi/9.3.1/../../../../arm-none-eabi/lib/thumb/v7-m/nofp\libc_nano.a
LOAD d:/not games/stm32cubeide_1.7.0/stm32cubeide/plugins/com.st.stm32cube.ide.mcu.externaltools.gnu-tools-for-stm32.9-2020-q2-update.win32_2.0.0.202105311346/tools/bin/../lib/gcc/arm-none-eabi/9.3.1/../../../../arm-none-eabi/lib/thumb/v7-m/nofp\libnosys.a
END GROUP
START GROUP
LOAD d:/not games/stm32cubeide_1.7.0/stm32cubeide/plugins/com.st.stm32cube.ide.mcu.externaltools.gnu-tools-for-stm32.9-2020-q2-update.win32_2.0.0.202105311346/tools/bin/../lib/gcc/arm-none-eabi/9.3.1/thumb/v7-m/nofp\libgcc.a
LOAD d:/not games/stm32cubeide_1.7.0/stm32cubeide/plugins/com.st.stm32cube.ide.mcu.externaltools.gnu-tools-for-stm32.9-2020-q2-update.win32_2.0.0.202105311346/tools/bin/../lib/gcc/arm-none-eabi/9.3.1/../../../../arm-none-eabi/lib/thumb/v7-m/nofp\libc_nano.a
LOAD d:/not games/stm32cubeide_1.7.0/stm32cubeide/plugins/com.st.stm32cube.ide.mcu.externaltools.gnu-tools-for-stm32.9-2020-q2-update.win32_2.0.0.202105311346/tools/bin/../lib/gcc/arm-none-eabi/9.3.1/../../../../arm-none-eabi/lib/thumb/v7-m/nofp\libnosys.a
END GROUP
LOAD d:/not games/stm32cubeide_1.7.0/stm32cubeide/plugins/com.st.stm32cube.ide.mcu.externaltools.gnu-tools-for-stm32.9-2020-q2-update.win32_2.0.0.202105311346/tools/bin/../lib/gcc/arm-none-eabi/9.3.1/thumb/v7-m/nofp/crtend.o
LOAD d:/not games/stm32cubeide_1.7.0/stm32cubeide/plugins/com.st.stm32cube.ide.mcu.externaltools.gnu-tools-for-stm32.9-2020-q2-update.win32_2.0.0.202105311346/tools/bin/../lib/gcc/arm-none-eabi/9.3.1/thumb/v7-m/nofp/crtn.o
                0x0000000020005000                _estack = (ORIGIN (RAM) + LENGTH (RAM))
                0x0000000000000200                _Min_Heap_Size = 0x200
                0x0000000000000400                _Min_Stack_Size = 0x400

.isr_vector     0x0000000008000000      0x10c
                0x0000000008000000                . = ALIGN (0x4)
 *(.isr_vector)
 .isr_vector    0x0000000008000000      0x10c ./Core/Startup/startup_stm32f103rbtx.o
                0x0000000008000000                g_pfnVectors
                0x000000000800010c                . = ALIGN (0x4)

.text           0x000000000800010c     0x3008
                0x000000000800010c                . = ALIGN (0x4)
 *(.text)
 .text          0x000000000800010c       0x40 d:/not games/stm32cubeide_1.7.0/stm32cubeide/plugins/com.st.stm32cube.ide.mcu.externaltools.gnu-tools-for-stm32.9-2020-q2-update.win32_2.0.0.202105311346/tools/bin/../lib/gcc/arm-none-eabi/9.3.1/thumb/v7-m/nofp/crtbegin.o
 *(.text*)
 .text.readKeyInput
                0x000000000800014c      0x1e8 ./Core/Src/button.o
                0x000000000800014c                readKeyInput
 .text.isPressedAndReleased
                0x0000000008000334       0x34 ./Core/Src/button.o
                0x0000000008000334                isPressedAndReleased
 .text.isLongPressedAndReleased
                0x0000000008000368       0x34 ./Core/Src/button.o
                0x0000000008000368                isLongPressedAndReleased
 .text.trafficLight_automatic
                0x000000000800039c      0x55c ./Core/Src/fsm_automatic.o
                0x000000000800039c                trafficLight_automatic
 .text.displayTrafficLight
                0x00000000080008f8       0xd8 ./Core/Src/led_segment_control.o
                0x00000000080008f8                displayTrafficLight
 .text.clearTrafficDisplay
                0x00000000080009d0       0x3c ./Core/Src/led_segment_control.o
                0x00000000080009d0                clearTrafficDisplay
 .text.displayPedestrianLight
                0x0000000008000a0c       0x98 ./Core/Src/led_segment_control.o
                0x0000000008000a0c                displayPedestrianLight
 .text.main     0x0000000008000aa4       0x70 ./Core/Src/main.o
                0x0000000008000aa4                main
 .text.SystemClock_Config
                0x0000000008000b14       0x82 ./Core/Src/main.o
                0x0000000008000b14                SystemClock_Config
 *fill*         0x0000000008000b96        0x2 
 .text.MX_TIM2_Init
                0x0000000008000b98       0x98 ./Core/Src/main.o
 .text.MX_TIM3_Init
                0x0000000008000c30       0xb4 ./Core/Src/main.o
 .text.MX_USART2_UART_Init
                0x0000000008000ce4       0x54 ./Core/Src/main.o
 .text.MX_GPIO_Init
                0x0000000008000d38       0xdc ./Core/Src/main.o
 .text.HAL_TIM_PeriodElapsedCallback
                0x0000000008000e14       0x18 ./Core/Src/main.o
                0x0000000008000e14                HAL_TIM_PeriodElapsedCallback
 .text.Error_Handler
                0x0000000008000e2c        0xa ./Core/Src/main.o
                0x0000000008000e2c                Error_Handler
 *fill*         0x0000000008000e36        0x2 
 .text.buzzer_init
                0x0000000008000e38       0x20 ./Core/Src/melody.o
                0x0000000008000e38                buzzer_init
 .text.buzzer_sound
                0x0000000008000e58       0x68 ./Core/Src/melody.o
                0x0000000008000e58                buzzer_sound
 .text.setTimerTraffic1
                0x0000000008000ec0       0x38 ./Core/Src/software_timer.o
                0x0000000008000ec0                setTimerTraffic1
 .text.setTimerTriggerLed
                0x0000000008000ef8       0x38 ./Core/Src/software_timer.o
                0x0000000008000ef8                setTimerTriggerLed
 .text.setTimerCounter1
                0x0000000008000f30       0x38 ./Core/Src/software_timer.o
                0x0000000008000f30                setTimerCounter1
 .text.timer_run
                0x0000000008000f68      0x14c ./Core/Src/software_timer.o
                0x0000000008000f68                timer_run
 .text.HAL_MspInit
                0x00000000080010b4       0x64 ./Core/Src/stm32f1xx_hal_msp.o
                0x00000000080010b4                HAL_MspInit
 .text.HAL_TIM_Base_MspInit
                0x0000000008001118       0x48 ./Core/Src/stm32f1xx_hal_msp.o
                0x0000000008001118                HAL_TIM_Base_MspInit
 .text.HAL_TIM_PWM_MspInit
                0x0000000008001160       0x3c ./Core/Src/stm32f1xx_hal_msp.o
                0x0000000008001160                HAL_TIM_PWM_MspInit
 .text.HAL_TIM_MspPostInit
                0x000000000800119c       0x64 ./Core/Src/stm32f1xx_hal_msp.o
                0x000000000800119c                HAL_TIM_MspPostInit
 .text.HAL_UART_MspInit
                0x0000000008001200       0x94 ./Core/Src/stm32f1xx_hal_msp.o
                0x0000000008001200                HAL_UART_MspInit
 .text.NMI_Handler
                0x0000000008001294        0x6 ./Core/Src/stm32f1xx_it.o
                0x0000000008001294                NMI_Handler
 .text.HardFault_Handler
                0x000000000800129a        0x6 ./Core/Src/stm32f1xx_it.o
                0x000000000800129a                HardFault_Handler
 .text.MemManage_Handler
                0x00000000080012a0        0x6 ./Core/Src/stm32f1xx_it.o
                0x00000000080012a0                MemManage_Handler
 .text.BusFault_Handler
                0x00000000080012a6        0x6 ./Core/Src/stm32f1xx_it.o
                0x00000000080012a6                BusFault_Handler
 .text.UsageFault_Handler
                0x00000000080012ac        0x6 ./Core/Src/stm32f1xx_it.o
                0x00000000080012ac                UsageFault_Handler
 .text.SVC_Handler
                0x00000000080012b2        0xc ./Core/Src/stm32f1xx_it.o
                0x00000000080012b2                SVC_Handler
 .text.DebugMon_Handler
                0x00000000080012be        0xc ./Core/Src/stm32f1xx_it.o
                0x00000000080012be                DebugMon_Handler
 .text.PendSV_Handler
                0x00000000080012ca        0xc ./Core/Src/stm32f1xx_it.o
                0x00000000080012ca                PendSV_Handler
 .text.SysTick_Handler
                0x00000000080012d6        0xc ./Core/Src/stm32f1xx_it.o
                0x00000000080012d6                SysTick_Handler
 *fill*         0x00000000080012e2        0x2 
 .text.TIM2_IRQHandler
                0x00000000080012e4       0x14 ./Core/Src/stm32f1xx_it.o
                0x00000000080012e4                TIM2_IRQHandler
 .text.SystemInit
                0x00000000080012f8        0xc ./Core/Src/system_stm32f1xx.o
                0x00000000080012f8                SystemInit
 .text.Reset_Handler
                0x0000000008001304       0x48 ./Core/Startup/startup_stm32f103rbtx.o
                0x0000000008001304                Reset_Handler
 .text.Default_Handler
                0x000000000800134c        0x2 ./Core/Startup/startup_stm32f103rbtx.o
                0x000000000800134c                RTC_Alarm_IRQHandler
                0x000000000800134c                EXTI2_IRQHandler
                0x000000000800134c                TIM1_CC_IRQHandler
                0x000000000800134c                PVD_IRQHandler
                0x000000000800134c                EXTI3_IRQHandler
                0x000000000800134c                EXTI0_IRQHandler
                0x000000000800134c                I2C2_EV_IRQHandler
                0x000000000800134c                ADC1_2_IRQHandler
                0x000000000800134c                SPI1_IRQHandler
                0x000000000800134c                TAMPER_IRQHandler
                0x000000000800134c                DMA1_Channel4_IRQHandler
                0x000000000800134c                USART3_IRQHandler
                0x000000000800134c                RTC_IRQHandler
                0x000000000800134c                DMA1_Channel7_IRQHandler
                0x000000000800134c                CAN1_RX1_IRQHandler
                0x000000000800134c                TIM4_IRQHandler
                0x000000000800134c                I2C1_EV_IRQHandler
                0x000000000800134c                DMA1_Channel6_IRQHandler
                0x000000000800134c                TIM3_IRQHandler
                0x000000000800134c                RCC_IRQHandler
                0x000000000800134c                TIM1_TRG_COM_IRQHandler
                0x000000000800134c                DMA1_Channel1_IRQHandler
                0x000000000800134c                Default_Handler
                0x000000000800134c                EXTI15_10_IRQHandler
                0x000000000800134c                EXTI9_5_IRQHandler
                0x000000000800134c                SPI2_IRQHandler
                0x000000000800134c                DMA1_Channel5_IRQHandler
                0x000000000800134c                EXTI4_IRQHandler
                0x000000000800134c                USB_LP_CAN1_RX0_IRQHandler
                0x000000000800134c                USB_HP_CAN1_TX_IRQHandler
                0x000000000800134c                DMA1_Channel3_IRQHandler
                0x000000000800134c                TIM1_UP_IRQHandler
                0x000000000800134c                WWDG_IRQHandler
                0x000000000800134c                TIM1_BRK_IRQHandler
                0x000000000800134c                EXTI1_IRQHandler
                0x000000000800134c                USART2_IRQHandler
                0x000000000800134c                I2C2_ER_IRQHandler
                0x000000000800134c                DMA1_Channel2_IRQHandler
                0x000000000800134c                CAN1_SCE_IRQHandler
                0x000000000800134c                FLASH_IRQHandler
                0x000000000800134c                USART1_IRQHandler
                0x000000000800134c                I2C1_ER_IRQHandler
                0x000000000800134c                USBWakeUp_IRQHandler
 *fill*         0x000000000800134e        0x2 
 .text.HAL_Init
                0x0000000008001350       0x2c ./Drivers/STM32F1xx_HAL_Driver/Src/stm32f1xx_hal.o
                0x0000000008001350                HAL_Init
 .text.HAL_InitTick
                0x000000000800137c       0x60 ./Drivers/STM32F1xx_HAL_Driver/Src/stm32f1xx_hal.o
                0x000000000800137c                HAL_InitTick
 .text.HAL_IncTick
                0x00000000080013dc       0x24 ./Drivers/STM32F1xx_HAL_Driver/Src/stm32f1xx_hal.o
                0x00000000080013dc                HAL_IncTick
 .text.HAL_GetTick
                0x0000000008001400       0x14 ./Drivers/STM32F1xx_HAL_Driver/Src/stm32f1xx_hal.o
                0x0000000008001400                HAL_GetTick
 .text.__NVIC_SetPriorityGrouping
                0x0000000008001414       0x48 ./Drivers/STM32F1xx_HAL_Driver/Src/stm32f1xx_hal_cortex.o
 .text.__NVIC_GetPriorityGrouping
                0x000000000800145c       0x1c ./Drivers/STM32F1xx_HAL_Driver/Src/stm32f1xx_hal_cortex.o
 .text.__NVIC_EnableIRQ
                0x0000000008001478       0x38 ./Drivers/STM32F1xx_HAL_Driver/Src/stm32f1xx_hal_cortex.o
 .text.__NVIC_SetPriority
                0x00000000080014b0       0x54 ./Drivers/STM32F1xx_HAL_Driver/Src/stm32f1xx_hal_cortex.o
 .text.NVIC_EncodePriority
                0x0000000008001504       0x64 ./Drivers/STM32F1xx_HAL_Driver/Src/stm32f1xx_hal_cortex.o
 .text.SysTick_Config
                0x0000000008001568       0x44 ./Drivers/STM32F1xx_HAL_Driver/Src/stm32f1xx_hal_cortex.o
 .text.HAL_NVIC_SetPriorityGrouping
                0x00000000080015ac       0x16 ./Drivers/STM32F1xx_HAL_Driver/Src/stm32f1xx_hal_cortex.o
                0x00000000080015ac                HAL_NVIC_SetPriorityGrouping
 .text.HAL_NVIC_SetPriority
                0x00000000080015c2       0x38 ./Drivers/STM32F1xx_HAL_Driver/Src/stm32f1xx_hal_cortex.o
                0x00000000080015c2                HAL_NVIC_SetPriority
 .text.HAL_NVIC_EnableIRQ
                0x00000000080015fa       0x1c ./Drivers/STM32F1xx_HAL_Driver/Src/stm32f1xx_hal_cortex.o
                0x00000000080015fa                HAL_NVIC_EnableIRQ
 .text.HAL_SYSTICK_Config
                0x0000000008001616       0x18 ./Drivers/STM32F1xx_HAL_Driver/Src/stm32f1xx_hal_cortex.o
                0x0000000008001616                HAL_SYSTICK_Config
 *fill*         0x000000000800162e        0x2 
 .text.HAL_GPIO_Init
                0x0000000008001630      0x308 ./Drivers/STM32F1xx_HAL_Driver/Src/stm32f1xx_hal_gpio.o
                0x0000000008001630                HAL_GPIO_Init
 .text.HAL_GPIO_ReadPin
                0x0000000008001938       0x2e ./Drivers/STM32F1xx_HAL_Driver/Src/stm32f1xx_hal_gpio.o
                0x0000000008001938                HAL_GPIO_ReadPin
 .text.HAL_GPIO_WritePin
                0x0000000008001966       0x30 ./Drivers/STM32F1xx_HAL_Driver/Src/stm32f1xx_hal_gpio.o
                0x0000000008001966                HAL_GPIO_WritePin
 *fill*         0x0000000008001996        0x2 
 .text.HAL_RCC_OscConfig
                0x0000000008001998      0x500 ./Drivers/STM32F1xx_HAL_Driver/Src/stm32f1xx_hal_rcc.o
                0x0000000008001998                HAL_RCC_OscConfig
 .text.HAL_RCC_ClockConfig
                0x0000000008001e98      0x1d4 ./Drivers/STM32F1xx_HAL_Driver/Src/stm32f1xx_hal_rcc.o
                0x0000000008001e98                HAL_RCC_ClockConfig
 .text.HAL_RCC_GetSysClockFreq
                0x000000000800206c       0xc0 ./Drivers/STM32F1xx_HAL_Driver/Src/stm32f1xx_hal_rcc.o
                0x000000000800206c                HAL_RCC_GetSysClockFreq
 .text.HAL_RCC_GetHCLKFreq
                0x000000000800212c       0x14 ./Drivers/STM32F1xx_HAL_Driver/Src/stm32f1xx_hal_rcc.o
                0x000000000800212c                HAL_RCC_GetHCLKFreq
 .text.HAL_RCC_GetPCLK1Freq
                0x0000000008002140       0x28 ./Drivers/STM32F1xx_HAL_Driver/Src/stm32f1xx_hal_rcc.o
                0x0000000008002140                HAL_RCC_GetPCLK1Freq
 .text.HAL_RCC_GetPCLK2Freq
                0x0000000008002168       0x28 ./Drivers/STM32F1xx_HAL_Driver/Src/stm32f1xx_hal_rcc.o
                0x0000000008002168                HAL_RCC_GetPCLK2Freq
 .text.RCC_Delay
                0x0000000008002190       0x3c ./Drivers/STM32F1xx_HAL_Driver/Src/stm32f1xx_hal_rcc.o
 .text.HAL_TIM_Base_Init
                0x00000000080021cc       0x9e ./Drivers/STM32F1xx_HAL_Driver/Src/stm32f1xx_hal_tim.o
                0x00000000080021cc                HAL_TIM_Base_Init
 *fill*         0x000000000800226a        0x2 
 .text.HAL_TIM_Base_Start_IT
                0x000000000800226c       0xa4 ./Drivers/STM32F1xx_HAL_Driver/Src/stm32f1xx_hal_tim.o
                0x000000000800226c                HAL_TIM_Base_Start_IT
 .text.HAL_TIM_PWM_Init
                0x0000000008002310       0x9e ./Drivers/STM32F1xx_HAL_Driver/Src/stm32f1xx_hal_tim.o
                0x0000000008002310                HAL_TIM_PWM_Init
 .text.HAL_TIM_IRQHandler
                0x00000000080023ae      0x210 ./Drivers/STM32F1xx_HAL_Driver/Src/stm32f1xx_hal_tim.o
                0x00000000080023ae                HAL_TIM_IRQHandler
 *fill*         0x00000000080025be        0x2 
 .text.HAL_TIM_PWM_ConfigChannel
                0x00000000080025c0      0x17c ./Drivers/STM32F1xx_HAL_Driver/Src/stm32f1xx_hal_tim.o
                0x00000000080025c0                HAL_TIM_PWM_ConfigChannel
 .text.HAL_TIM_ConfigClockSource
                0x000000000800273c      0x188 ./Drivers/STM32F1xx_HAL_Driver/Src/stm32f1xx_hal_tim.o
                0x000000000800273c                HAL_TIM_ConfigClockSource
 .text.HAL_TIM_OC_DelayElapsedCallback
                0x00000000080028c4       0x12 ./Drivers/STM32F1xx_HAL_Driver/Src/stm32f1xx_hal_tim.o
                0x00000000080028c4                HAL_TIM_OC_DelayElapsedCallback
 .text.HAL_TIM_IC_CaptureCallback
                0x00000000080028d6       0x12 ./Drivers/STM32F1xx_HAL_Driver/Src/stm32f1xx_hal_tim.o
                0x00000000080028d6                HAL_TIM_IC_CaptureCallback
 .text.HAL_TIM_PWM_PulseFinishedCallback
                0x00000000080028e8       0x12 ./Drivers/STM32F1xx_HAL_Driver/Src/stm32f1xx_hal_tim.o
                0x00000000080028e8                HAL_TIM_PWM_PulseFinishedCallback
 .text.HAL_TIM_TriggerCallback
                0x00000000080028fa       0x12 ./Drivers/STM32F1xx_HAL_Driver/Src/stm32f1xx_hal_tim.o
                0x00000000080028fa                HAL_TIM_TriggerCallback
 .text.TIM_Base_SetConfig
                0x000000000800290c       0xc4 ./Drivers/STM32F1xx_HAL_Driver/Src/stm32f1xx_hal_tim.o
                0x000000000800290c                TIM_Base_SetConfig
 .text.TIM_OC1_SetConfig
                0x00000000080029d0       0xcc ./Drivers/STM32F1xx_HAL_Driver/Src/stm32f1xx_hal_tim.o
 .text.TIM_OC2_SetConfig
                0x0000000008002a9c       0xd4 ./Drivers/STM32F1xx_HAL_Driver/Src/stm32f1xx_hal_tim.o
                0x0000000008002a9c                TIM_OC2_SetConfig
 .text.TIM_OC3_SetConfig
                0x0000000008002b70       0xd4 ./Drivers/STM32F1xx_HAL_Driver/Src/stm32f1xx_hal_tim.o
 .text.TIM_OC4_SetConfig
                0x0000000008002c44       0x9c ./Drivers/STM32F1xx_HAL_Driver/Src/stm32f1xx_hal_tim.o
 .text.TIM_TI1_ConfigInputStage
                0x0000000008002ce0       0x5c ./Drivers/STM32F1xx_HAL_Driver/Src/stm32f1xx_hal_tim.o
 .text.TIM_TI2_ConfigInputStage
                0x0000000008002d3c       0x5e ./Drivers/STM32F1xx_HAL_Driver/Src/stm32f1xx_hal_tim.o
 .text.TIM_ITRx_SetConfig
                0x0000000008002d9a       0x34 ./Drivers/STM32F1xx_HAL_Driver/Src/stm32f1xx_hal_tim.o
 .text.TIM_ETR_SetConfig
                0x0000000008002dce       0x3e ./Drivers/STM32F1xx_HAL_Driver/Src/stm32f1xx_hal_tim.o
                0x0000000008002dce                TIM_ETR_SetConfig
 .text.HAL_TIMEx_MasterConfigSynchronization
                0x0000000008002e0c       0xbc ./Drivers/STM32F1xx_HAL_Driver/Src/stm32f1xx_hal_tim_ex.o
                0x0000000008002e0c                HAL_TIMEx_MasterConfigSynchronization
 .text.HAL_TIMEx_CommutCallback
                0x0000000008002ec8       0x12 ./Drivers/STM32F1xx_HAL_Driver/Src/stm32f1xx_hal_tim_ex.o
                0x0000000008002ec8                HAL_TIMEx_CommutCallback
 .text.HAL_TIMEx_BreakCallback
                0x0000000008002eda       0x12 ./Drivers/STM32F1xx_HAL_Driver/Src/stm32f1xx_hal_tim_ex.o
                0x0000000008002eda                HAL_TIMEx_BreakCallback
 .text.HAL_UART_Init
                0x0000000008002eec       0x9a ./Drivers/STM32F1xx_HAL_Driver/Src/stm32f1xx_hal_uart.o
                0x0000000008002eec                HAL_UART_Init
 *fill*         0x0000000008002f86        0x2 
 .text.UART_SetConfig
                0x0000000008002f88      0x11c ./Drivers/STM32F1xx_HAL_Driver/Src/stm32f1xx_hal_uart.o
 .text.__libc_init_array
                0x00000000080030a4       0x48 d:/not games/stm32cubeide_1.7.0/stm32cubeide/plugins/com.st.stm32cube.ide.mcu.externaltools.gnu-tools-for-stm32.9-2020-q2-update.win32_2.0.0.202105311346/tools/bin/../lib/gcc/arm-none-eabi/9.3.1/../../../../arm-none-eabi/lib/thumb/v7-m/nofp\libc_nano.a(lib_a-init.o)
                0x00000000080030a4                __libc_init_array
 .text.memset   0x00000000080030ec       0x10 d:/not games/stm32cubeide_1.7.0/stm32cubeide/plugins/com.st.stm32cube.ide.mcu.externaltools.gnu-tools-for-stm32.9-2020-q2-update.win32_2.0.0.202105311346/tools/bin/../lib/gcc/arm-none-eabi/9.3.1/../../../../arm-none-eabi/lib/thumb/v7-m/nofp\libc_nano.a(lib_a-memset.o)
                0x00000000080030ec                memset
 *(.glue_7)
 .glue_7        0x00000000080030fc        0x0 linker stubs
 *(.glue_7t)
 .glue_7t       0x00000000080030fc        0x0 linker stubs
 *(.eh_frame)
 .eh_frame      0x00000000080030fc        0x0 d:/not games/stm32cubeide_1.7.0/stm32cubeide/plugins/com.st.stm32cube.ide.mcu.externaltools.gnu-tools-for-stm32.9-2020-q2-update.win32_2.0.0.202105311346/tools/bin/../lib/gcc/arm-none-eabi/9.3.1/thumb/v7-m/nofp/crtbegin.o
 *(.init)
 .init          0x00000000080030fc        0x4 d:/not games/stm32cubeide_1.7.0/stm32cubeide/plugins/com.st.stm32cube.ide.mcu.externaltools.gnu-tools-for-stm32.9-2020-q2-update.win32_2.0.0.202105311346/tools/bin/../lib/gcc/arm-none-eabi/9.3.1/thumb/v7-m/nofp/crti.o
                0x00000000080030fc                _init
 .init          0x0000000008003100        0x8 d:/not games/stm32cubeide_1.7.0/stm32cubeide/plugins/com.st.stm32cube.ide.mcu.externaltools.gnu-tools-for-stm32.9-2020-q2-update.win32_2.0.0.202105311346/tools/bin/../lib/gcc/arm-none-eabi/9.3.1/thumb/v7-m/nofp/crtn.o
 *(.fini)
 .fini          0x0000000008003108        0x4 d:/not games/stm32cubeide_1.7.0/stm32cubeide/plugins/com.st.stm32cube.ide.mcu.externaltools.gnu-tools-for-stm32.9-2020-q2-update.win32_2.0.0.202105311346/tools/bin/../lib/gcc/arm-none-eabi/9.3.1/thumb/v7-m/nofp/crti.o
                0x0000000008003108                _fini
 .fini          0x000000000800310c        0x8 d:/not games/stm32cubeide_1.7.0/stm32cubeide/plugins/com.st.stm32cube.ide.mcu.externaltools.gnu-tools-for-stm32.9-2020-q2-update.win32_2.0.0.202105311346/tools/bin/../lib/gcc/arm-none-eabi/9.3.1/thumb/v7-m/nofp/crtn.o
                0x0000000008003114                . = ALIGN (0x4)
                0x0000000008003114                _etext = .

.vfp11_veneer   0x0000000008003114        0x0
 .vfp11_veneer  0x0000000008003114        0x0 linker stubs

.v4_bx          0x0000000008003114        0x0
 .v4_bx         0x0000000008003114        0x0 linker stubs

.iplt           0x0000000008003114        0x0
 .iplt          0x0000000008003114        0x0 d:/not games/stm32cubeide_1.7.0/stm32cubeide/plugins/com.st.stm32cube.ide.mcu.externaltools.gnu-tools-for-stm32.9-2020-q2-update.win32_2.0.0.202105311346/tools/bin/../lib/gcc/arm-none-eabi/9.3.1/thumb/v7-m/nofp/crtbegin.o

.rodata         0x0000000008003114       0x28
                0x0000000008003114                . = ALIGN (0x4)
 *(.rodata)
 .rodata        0x0000000008003114       0x10 ./Drivers/STM32F1xx_HAL_Driver/Src/stm32f1xx_hal_rcc.o
 *(.rodata*)
 .rodata.AHBPrescTable
                0x0000000008003124       0x10 ./Core/Src/system_stm32f1xx.o
                0x0000000008003124                AHBPrescTable
 .rodata.APBPrescTable
                0x0000000008003134        0x8 ./Core/Src/system_stm32f1xx.o
                0x0000000008003134                APBPrescTable
                0x000000000800313c                . = ALIGN (0x4)

.rel.dyn        0x000000000800313c        0x0
 .rel.iplt      0x000000000800313c        0x0 d:/not games/stm32cubeide_1.7.0/stm32cubeide/plugins/com.st.stm32cube.ide.mcu.externaltools.gnu-tools-for-stm32.9-2020-q2-update.win32_2.0.0.202105311346/tools/bin/../lib/gcc/arm-none-eabi/9.3.1/thumb/v7-m/nofp/crtbegin.o

.ARM.extab      0x000000000800313c        0x0
                0x000000000800313c                . = ALIGN (0x4)
 *(.ARM.extab* .gnu.linkonce.armextab.*)
                0x000000000800313c                . = ALIGN (0x4)

.ARM            0x000000000800313c        0x0
                0x000000000800313c                . = ALIGN (0x4)
                0x000000000800313c                __exidx_start = .
 *(.ARM.exidx*)
                0x000000000800313c                __exidx_end = .
                0x000000000800313c                . = ALIGN (0x4)

.preinit_array  0x000000000800313c        0x0
                0x000000000800313c                . = ALIGN (0x4)
                0x000000000800313c                PROVIDE (__preinit_array_start = .)
 *(.preinit_array*)
                0x000000000800313c                PROVIDE (__preinit_array_end = .)
                0x000000000800313c                . = ALIGN (0x4)

.init_array     0x000000000800313c        0x4
                0x000000000800313c                . = ALIGN (0x4)
                0x000000000800313c                PROVIDE (__init_array_start = .)
 *(SORT_BY_NAME(.init_array.*))
 *(.init_array*)
 .init_array    0x000000000800313c        0x4 d:/not games/stm32cubeide_1.7.0/stm32cubeide/plugins/com.st.stm32cube.ide.mcu.externaltools.gnu-tools-for-stm32.9-2020-q2-update.win32_2.0.0.202105311346/tools/bin/../lib/gcc/arm-none-eabi/9.3.1/thumb/v7-m/nofp/crtbegin.o
                0x0000000008003140                PROVIDE (__init_array_end = .)
                0x0000000008003140                . = ALIGN (0x4)

.fini_array     0x0000000008003140        0x4
                0x0000000008003140                . = ALIGN (0x4)
                [!provide]                        PROVIDE (__fini_array_start = .)
 *(SORT_BY_NAME(.fini_array.*))
 *(.fini_array*)
 .fini_array    0x0000000008003140        0x4 d:/not games/stm32cubeide_1.7.0/stm32cubeide/plugins/com.st.stm32cube.ide.mcu.externaltools.gnu-tools-for-stm32.9-2020-q2-update.win32_2.0.0.202105311346/tools/bin/../lib/gcc/arm-none-eabi/9.3.1/thumb/v7-m/nofp/crtbegin.o
                [!provide]                        PROVIDE (__fini_array_end = .)
                0x0000000008003144                . = ALIGN (0x4)
                0x0000000008003144                _sidata = LOADADDR (.data)

.data           0x0000000020000000      0x138 load address 0x0000000008003144
                0x0000000020000000                . = ALIGN (0x4)
                0x0000000020000000                _sdata = .
 *(.data)
 *(.data*)
 .data.counter_red
                0x0000000020000000        0x4 ./Core/Src/global.o
                0x0000000020000000                counter_red
 .data.counter_yellow
                0x0000000020000004        0x4 ./Core/Src/global.o
                0x0000000020000004                counter_yellow
 .data.counter_green
                0x0000000020000008        0x4 ./Core/Src/global.o
                0x0000000020000008                counter_green
 .data.dio      0x000000002000000c      0x120 ./Core/Src/melody.o
                0x000000002000000c                dio
 .data.SystemCoreClock
                0x000000002000012c        0x4 ./Core/Src/system_stm32f1xx.o
                0x000000002000012c                SystemCoreClock
 .data.uwTickPrio
                0x0000000020000130        0x4 ./Drivers/STM32F1xx_HAL_Driver/Src/stm32f1xx_hal.o
                0x0000000020000130                uwTickPrio
 .data.uwTickFreq
                0x0000000020000134        0x1 ./Drivers/STM32F1xx_HAL_Driver/Src/stm32f1xx_hal.o
                0x0000000020000134                uwTickFreq
 *(.RamFunc)
 *(.RamFunc*)
                0x0000000020000138                . = ALIGN (0x4)
 *fill*         0x0000000020000135        0x3 
                0x0000000020000138                _edata = .

.igot.plt       0x0000000020000138        0x0 load address 0x000000000800327c
 .igot.plt      0x0000000020000138        0x0 d:/not games/stm32cubeide_1.7.0/stm32cubeide/plugins/com.st.stm32cube.ide.mcu.externaltools.gnu-tools-for-stm32.9-2020-q2-update.win32_2.0.0.202105311346/tools/bin/../lib/gcc/arm-none-eabi/9.3.1/thumb/v7-m/nofp/crtbegin.o
                0x0000000020000138                . = ALIGN (0x4)

.bss            0x0000000020000138      0x1bc load address 0x000000000800327c
                0x0000000020000138                _sbss = .
                0x0000000020000138                __bss_start__ = _sbss
 *(.bss)
 .bss           0x0000000020000138       0x1c d:/not games/stm32cubeide_1.7.0/stm32cubeide/plugins/com.st.stm32cube.ide.mcu.externaltools.gnu-tools-for-stm32.9-2020-q2-update.win32_2.0.0.202105311346/tools/bin/../lib/gcc/arm-none-eabi/9.3.1/thumb/v7-m/nofp/crtbegin.o
 *(.bss*)
 .bss.buttonBuffer
                0x0000000020000154        0x4 ./Core/Src/button.o
 .bss.debounceButtonBuffer1
                0x0000000020000158        0x4 ./Core/Src/button.o
 .bss.debounceButtonBuffer2
                0x000000002000015c        0x4 ./Core/Src/button.o
 .bss.debounceButtonBuffer3
                0x0000000020000160        0x4 ./Core/Src/button.o
 .bss.flagForLongPress3s
                0x0000000020000164        0x4 ./Core/Src/button.o
 .bss.counterLongPress3s
                0x0000000020000168        0x8 ./Core/Src/button.o
 .bss.idx       0x0000000020000170        0x1 ./Core/Src/melody.o
                0x0000000020000170                idx
 *fill*         0x0000000020000171        0x3 
 .bss.scale     0x0000000020000174        0x4 ./Core/Src/melody.o
                0x0000000020000174                scale
 *(COMMON)
 COMMON         0x0000000020000178       0x20 ./Core/Src/button.o
                0x0000000020000178                button_longPressed_flag
                0x0000000020000188                button_flag
 COMMON         0x0000000020000198       0x44 ./Core/Src/global.o
                0x0000000020000198                isInManual
                0x000000002000019c                segmentIndexManual
                0x00000000200001a0                isYellowMode
                0x00000000200001a4                isRedMode
                0x00000000200001a8                segment1Counter
                0x00000000200001ac                isPedestrian
                0x00000000200001b0                segment2Counter
                0x00000000200001b4                tempCounter
                0x00000000200001b8                state
                0x00000000200001bc                isInAuto
                0x00000000200001c0                isInChange
                0x00000000200001c4                isGreenMode
                0x00000000200001c8                segmentIndexAuto
                0x00000000200001cc                isPedestrianPressed
                0x00000000200001d0                timeCounter
                0x00000000200001d4                wasInModify
                0x00000000200001d8                counter_pedestrian
 COMMON         0x00000000200001dc       0xd4 ./Core/Src/main.o
                0x00000000200001dc                htim3
                0x0000000020000224                htim2
                0x000000002000026c                huart2
 COMMON         0x00000000200002b0       0x40 ./Core/Src/software_timer.o
                0x00000000200002b0                trafficTimer2_flag
                0x00000000200002b4                countDownTimer1_flag
                0x00000000200002b8                countDownTimer1_counter
                0x00000000200002bc                timerLed_counter
                0x00000000200002c0                trafficTimer2_counter
                0x00000000200002c4                waitTimer_counter
                0x00000000200002c8                timerLed_flag
                0x00000000200002cc                countDownTimer2_flag
                0x00000000200002d0                trafficTimer1_counter
                0x00000000200002d4                modifyTimer_flag
                0x00000000200002d8                countDownTimer2_counter
                0x00000000200002dc                scanFreqTimer_flag
                0x00000000200002e0                waitTimer_flag
                0x00000000200002e4                scanFreqTimer_counter
                0x00000000200002e8                trafficTimer1_flag
                0x00000000200002ec                modifyTimer_counter
 COMMON         0x00000000200002f0        0x4 ./Drivers/STM32F1xx_HAL_Driver/Src/stm32f1xx_hal.o
                0x00000000200002f0                uwTick
                0x00000000200002f4                . = ALIGN (0x4)
                0x00000000200002f4                _ebss = .
                0x00000000200002f4                __bss_end__ = _ebss

._user_heap_stack
                0x00000000200002f4      0x604 load address 0x000000000800327c
                0x00000000200002f8                . = ALIGN (0x8)
 *fill*         0x00000000200002f4        0x4 
                [!provide]                        PROVIDE (end = .)
                0x00000000200002f8                PROVIDE (_end = .)
                0x00000000200004f8                . = (. + _Min_Heap_Size)
 *fill*         0x00000000200002f8      0x200 
                0x00000000200008f8                . = (. + _Min_Stack_Size)
 *fill*         0x00000000200004f8      0x400 
                0x00000000200008f8                . = ALIGN (0x8)

/DISCARD/
 libc.a(*)
 libm.a(*)
 libgcc.a(*)

.ARM.attributes
                0x0000000000000000       0x29
 *(.ARM.attributes)
 .ARM.attributes
                0x0000000000000000       0x1d d:/not games/stm32cubeide_1.7.0/stm32cubeide/plugins/com.st.stm32cube.ide.mcu.externaltools.gnu-tools-for-stm32.9-2020-q2-update.win32_2.0.0.202105311346/tools/bin/../lib/gcc/arm-none-eabi/9.3.1/thumb/v7-m/nofp/crti.o
 .ARM.attributes
                0x000000000000001d       0x2d d:/not games/stm32cubeide_1.7.0/stm32cubeide/plugins/com.st.stm32cube.ide.mcu.externaltools.gnu-tools-for-stm32.9-2020-q2-update.win32_2.0.0.202105311346/tools/bin/../lib/gcc/arm-none-eabi/9.3.1/thumb/v7-m/nofp/crtbegin.o
 .ARM.attributes
                0x000000000000004a       0x2d ./Core/Src/button.o
 .ARM.attributes
                0x0000000000000077       0x2d ./Core/Src/fsm_automatic.o
 .ARM.attributes
                0x00000000000000a4       0x33 ./Core/Src/global.o
 .ARM.attributes
                0x00000000000000d7       0x2d ./Core/Src/led_segment_control.o
 .ARM.attributes
                0x0000000000000104       0x2d ./Core/Src/main.o
 .ARM.attributes
                0x0000000000000131       0x2d ./Core/Src/melody.o
 .ARM.attributes
                0x000000000000015e       0x2d ./Core/Src/software_timer.o
 .ARM.attributes
                0x000000000000018b       0x2d ./Core/Src/stm32f1xx_hal_msp.o
 .ARM.attributes
                0x00000000000001b8       0x2d ./Core/Src/stm32f1xx_it.o
 .ARM.attributes
                0x00000000000001e5       0x2d ./Core/Src/system_stm32f1xx.o
 .ARM.attributes
                0x0000000000000212       0x21 ./Core/Startup/startup_stm32f103rbtx.o
 .ARM.attributes
                0x0000000000000233       0x2d ./Drivers/STM32F1xx_HAL_Driver/Src/stm32f1xx_hal.o
 .ARM.attributes
                0x0000000000000260       0x2d ./Drivers/STM32F1xx_HAL_Driver/Src/stm32f1xx_hal_cortex.o
 .ARM.attributes
                0x000000000000028d       0x2d ./Drivers/STM32F1xx_HAL_Driver/Src/stm32f1xx_hal_gpio.o
 .ARM.attributes
                0x00000000000002ba       0x2d ./Drivers/STM32F1xx_HAL_Driver/Src/stm32f1xx_hal_rcc.o
 .ARM.attributes
                0x00000000000002e7       0x2d ./Drivers/STM32F1xx_HAL_Driver/Src/stm32f1xx_hal_tim.o
 .ARM.attributes
                0x0000000000000314       0x2d ./Drivers/STM32F1xx_HAL_Driver/Src/stm32f1xx_hal_tim_ex.o
 .ARM.attributes
                0x0000000000000341       0x2d ./Drivers/STM32F1xx_HAL_Driver/Src/stm32f1xx_hal_uart.o
 .ARM.attributes
                0x000000000000036e       0x2d d:/not games/stm32cubeide_1.7.0/stm32cubeide/plugins/com.st.stm32cube.ide.mcu.externaltools.gnu-tools-for-stm32.9-2020-q2-update.win32_2.0.0.202105311346/tools/bin/../lib/gcc/arm-none-eabi/9.3.1/../../../../arm-none-eabi/lib/thumb/v7-m/nofp\libc_nano.a(lib_a-init.o)
 .ARM.attributes
                0x000000000000039b       0x2d d:/not games/stm32cubeide_1.7.0/stm32cubeide/plugins/com.st.stm32cube.ide.mcu.externaltools.gnu-tools-for-stm32.9-2020-q2-update.win32_2.0.0.202105311346/tools/bin/../lib/gcc/arm-none-eabi/9.3.1/../../../../arm-none-eabi/lib/thumb/v7-m/nofp\libc_nano.a(lib_a-memset.o)
 .ARM.attributes
                0x00000000000003c8       0x1d d:/not games/stm32cubeide_1.7.0/stm32cubeide/plugins/com.st.stm32cube.ide.mcu.externaltools.gnu-tools-for-stm32.9-2020-q2-update.win32_2.0.0.202105311346/tools/bin/../lib/gcc/arm-none-eabi/9.3.1/thumb/v7-m/nofp/crtn.o
OUTPUT(CO3009_MCU_PROJECT.elf elf32-littlearm)
LOAD linker stubs
LOAD d:/not games/stm32cubeide_1.7.0/stm32cubeide/plugins/com.st.stm32cube.ide.mcu.externaltools.gnu-tools-for-stm32.9-2020-q2-update.win32_2.0.0.202105311346/tools/bin/../lib/gcc/arm-none-eabi/9.3.1/../../../../arm-none-eabi/lib/thumb/v7-m/nofp\libc.a
LOAD d:/not games/stm32cubeide_1.7.0/stm32cubeide/plugins/com.st.stm32cube.ide.mcu.externaltools.gnu-tools-for-stm32.9-2020-q2-update.win32_2.0.0.202105311346/tools/bin/../lib/gcc/arm-none-eabi/9.3.1/../../../../arm-none-eabi/lib/thumb/v7-m/nofp\libm.a
LOAD d:/not games/stm32cubeide_1.7.0/stm32cubeide/plugins/com.st.stm32cube.ide.mcu.externaltools.gnu-tools-for-stm32.9-2020-q2-update.win32_2.0.0.202105311346/tools/bin/../lib/gcc/arm-none-eabi/9.3.1/thumb/v7-m/nofp\libgcc.a

.debug_info     0x0000000000000000     0xce48
 .debug_info    0x0000000000000000      0xa1b ./Core/Src/button.o
 .debug_info    0x0000000000000a1b      0x97f ./Core/Src/fsm_automatic.o
 .debug_info    0x000000000000139a      0x2e0 ./Core/Src/global.o
 .debug_info    0x000000000000167a      0xa67 ./Core/Src/led_segment_control.o
 .debug_info    0x00000000000020e1     0x1120 ./Core/Src/main.o
 .debug_info    0x0000000000003201      0x803 ./Core/Src/melody.o
 .debug_info    0x0000000000003a04      0x30f ./Core/Src/software_timer.o
 .debug_info    0x0000000000003d13      0xe8c ./Core/Src/stm32f1xx_hal_msp.o
 .debug_info    0x0000000000004b9f      0x7c0 ./Core/Src/stm32f1xx_it.o
 .debug_info    0x000000000000535f      0x2be ./Core/Src/system_stm32f1xx.o
 .debug_info    0x000000000000561d       0x22 ./Core/Startup/startup_stm32f103rbtx.o
 .debug_info    0x000000000000563f      0x76a ./Drivers/STM32F1xx_HAL_Driver/Src/stm32f1xx_hal.o
 .debug_info    0x0000000000005da9      0xbdc ./Drivers/STM32F1xx_HAL_Driver/Src/stm32f1xx_hal_cortex.o
 .debug_info    0x0000000000006985      0x701 ./Drivers/STM32F1xx_HAL_Driver/Src/stm32f1xx_hal_gpio.o
 .debug_info    0x0000000000007086      0x88e ./Drivers/STM32F1xx_HAL_Driver/Src/stm32f1xx_hal_rcc.o
 .debug_info    0x0000000000007914     0x2a45 ./Drivers/STM32F1xx_HAL_Driver/Src/stm32f1xx_hal_tim.o
 .debug_info    0x000000000000a359     0x14d5 ./Drivers/STM32F1xx_HAL_Driver/Src/stm32f1xx_hal_tim_ex.o
 .debug_info    0x000000000000b82e     0x161a ./Drivers/STM32F1xx_HAL_Driver/Src/stm32f1xx_hal_uart.o

.debug_abbrev   0x0000000000000000     0x2025
 .debug_abbrev  0x0000000000000000      0x1c7 ./Core/Src/button.o
 .debug_abbrev  0x00000000000001c7      0x182 ./Core/Src/fsm_automatic.o
 .debug_abbrev  0x0000000000000349       0x7b ./Core/Src/global.o
 .debug_abbrev  0x00000000000003c4      0x1b6 ./Core/Src/led_segment_control.o
 .debug_abbrev  0x000000000000057a      0x2c2 ./Core/Src/main.o
 .debug_abbrev  0x000000000000083c      0x1e2 ./Core/Src/melody.o
 .debug_abbrev  0x0000000000000a1e       0xa3 ./Core/Src/software_timer.o
 .debug_abbrev  0x0000000000000ac1      0x1e4 ./Core/Src/stm32f1xx_hal_msp.o
 .debug_abbrev  0x0000000000000ca5      0x176 ./Core/Src/stm32f1xx_it.o
 .debug_abbrev  0x0000000000000e1b      0x14e ./Core/Src/system_stm32f1xx.o
 .debug_abbrev  0x0000000000000f69       0x12 ./Core/Startup/startup_stm32f103rbtx.o
 .debug_abbrev  0x0000000000000f7b      0x1ed ./Drivers/STM32F1xx_HAL_Driver/Src/stm32f1xx_hal.o
 .debug_abbrev  0x0000000000001168      0x313 ./Drivers/STM32F1xx_HAL_Driver/Src/stm32f1xx_hal_cortex.o
 .debug_abbrev  0x000000000000147b      0x1e8 ./Drivers/STM32F1xx_HAL_Driver/Src/stm32f1xx_hal_gpio.o
 .debug_abbrev  0x0000000000001663      0x273 ./Drivers/STM32F1xx_HAL_Driver/Src/stm32f1xx_hal_rcc.o
 .debug_abbrev  0x00000000000018d6      0x25e ./Drivers/STM32F1xx_HAL_Driver/Src/stm32f1xx_hal_tim.o
 .debug_abbrev  0x0000000000001b34      0x266 ./Drivers/STM32F1xx_HAL_Driver/Src/stm32f1xx_hal_tim_ex.o
 .debug_abbrev  0x0000000000001d9a      0x28b ./Drivers/STM32F1xx_HAL_Driver/Src/stm32f1xx_hal_uart.o

.debug_aranges  0x0000000000000000      0xc98
 .debug_aranges
                0x0000000000000000       0x40 ./Core/Src/button.o
 .debug_aranges
                0x0000000000000040       0x20 ./Core/Src/fsm_automatic.o
 .debug_aranges
                0x0000000000000060       0x18 ./Core/Src/global.o
 .debug_aranges
                0x0000000000000078       0x30 ./Core/Src/led_segment_control.o
 .debug_aranges
                0x00000000000000a8       0x58 ./Core/Src/main.o
 .debug_aranges
                0x0000000000000100       0x28 ./Core/Src/melody.o
 .debug_aranges
                0x0000000000000128       0x60 ./Core/Src/software_timer.o
 .debug_aranges
                0x0000000000000188       0x58 ./Core/Src/stm32f1xx_hal_msp.o
 .debug_aranges
                0x00000000000001e0       0x68 ./Core/Src/stm32f1xx_it.o
 .debug_aranges
                0x0000000000000248       0x28 ./Core/Src/system_stm32f1xx.o
 .debug_aranges
                0x0000000000000270       0x28 ./Core/Startup/startup_stm32f103rbtx.o
 .debug_aranges
                0x0000000000000298       0xe0 ./Drivers/STM32F1xx_HAL_Driver/Src/stm32f1xx_hal.o
 .debug_aranges
                0x0000000000000378      0x100 ./Drivers/STM32F1xx_HAL_Driver/Src/stm32f1xx_hal_cortex.o
 .debug_aranges
                0x0000000000000478       0x58 ./Drivers/STM32F1xx_HAL_Driver/Src/stm32f1xx_hal_gpio.o
 .debug_aranges
                0x00000000000004d0       0x90 ./Drivers/STM32F1xx_HAL_Driver/Src/stm32f1xx_hal_rcc.o
 .debug_aranges
                0x0000000000000560      0x3d0 ./Drivers/STM32F1xx_HAL_Driver/Src/stm32f1xx_hal_tim.o
 .debug_aranges
                0x0000000000000930      0x168 ./Drivers/STM32F1xx_HAL_Driver/Src/stm32f1xx_hal_tim_ex.o
 .debug_aranges
                0x0000000000000a98      0x200 ./Drivers/STM32F1xx_HAL_Driver/Src/stm32f1xx_hal_uart.o

.debug_ranges   0x0000000000000000      0xba8
 .debug_ranges  0x0000000000000000       0x30 ./Core/Src/button.o
 .debug_ranges  0x0000000000000030       0x10 ./Core/Src/fsm_automatic.o
 .debug_ranges  0x0000000000000040       0x20 ./Core/Src/led_segment_control.o
 .debug_ranges  0x0000000000000060       0x48 ./Core/Src/main.o
 .debug_ranges  0x00000000000000a8       0x18 ./Core/Src/melody.o
 .debug_ranges  0x00000000000000c0       0x50 ./Core/Src/software_timer.o
 .debug_ranges  0x0000000000000110       0x48 ./Core/Src/stm32f1xx_hal_msp.o
 .debug_ranges  0x0000000000000158       0x58 ./Core/Src/stm32f1xx_it.o
 .debug_ranges  0x00000000000001b0       0x18 ./Core/Src/system_stm32f1xx.o
 .debug_ranges  0x00000000000001c8       0x20 ./Core/Startup/startup_stm32f103rbtx.o
 .debug_ranges  0x00000000000001e8       0xd0 ./Drivers/STM32F1xx_HAL_Driver/Src/stm32f1xx_hal.o
 .debug_ranges  0x00000000000002b8       0xf0 ./Drivers/STM32F1xx_HAL_Driver/Src/stm32f1xx_hal_cortex.o
 .debug_ranges  0x00000000000003a8       0x48 ./Drivers/STM32F1xx_HAL_Driver/Src/stm32f1xx_hal_gpio.o
 .debug_ranges  0x00000000000003f0       0x80 ./Drivers/STM32F1xx_HAL_Driver/Src/stm32f1xx_hal_rcc.o
 .debug_ranges  0x0000000000000470      0x3c0 ./Drivers/STM32F1xx_HAL_Driver/Src/stm32f1xx_hal_tim.o
 .debug_ranges  0x0000000000000830      0x158 ./Drivers/STM32F1xx_HAL_Driver/Src/stm32f1xx_hal_tim_ex.o
 .debug_ranges  0x0000000000000988      0x220 ./Drivers/STM32F1xx_HAL_Driver/Src/stm32f1xx_hal_uart.o

.debug_macro    0x0000000000000000    0x17630
 .debug_macro   0x0000000000000000      0x1ce ./Core/Src/button.o
 .debug_macro   0x00000000000001ce      0xa9c ./Core/Src/button.o
 .debug_macro   0x0000000000000c6a      0x21b ./Core/Src/button.o
 .debug_macro   0x0000000000000e85       0x2e ./Core/Src/button.o
 .debug_macro   0x0000000000000eb3       0x22 ./Core/Src/button.o
 .debug_macro   0x0000000000000ed5       0x22 ./Core/Src/button.o
 .debug_macro   0x0000000000000ef7       0x8e ./Core/Src/button.o
 .debug_macro   0x0000000000000f85       0x51 ./Core/Src/button.o
 .debug_macro   0x0000000000000fd6      0x103 ./Core/Src/button.o
 .debug_macro   0x00000000000010d9       0x6a ./Core/Src/button.o
 .debug_macro   0x0000000000001143      0x1df ./Core/Src/button.o
 .debug_macro   0x0000000000001322       0x1c ./Core/Src/button.o
 .debug_macro   0x000000000000133e       0x22 ./Core/Src/button.o
 .debug_macro   0x0000000000001360       0xc3 ./Core/Src/button.o
 .debug_macro   0x0000000000001423      0xd23 ./Core/Src/button.o
 .debug_macro   0x0000000000002146     0xe09e ./Core/Src/button.o
 .debug_macro   0x00000000000101e4       0x6d ./Core/Src/button.o
 .debug_macro   0x0000000000010251     0x3468 ./Core/Src/button.o
 .debug_macro   0x00000000000136b9      0x174 ./Core/Src/button.o
 .debug_macro   0x000000000001382d       0x5c ./Core/Src/button.o
 .debug_macro   0x0000000000013889      0x5be ./Core/Src/button.o
 .debug_macro   0x0000000000013e47      0x289 ./Core/Src/button.o
 .debug_macro   0x00000000000140d0      0x1cb ./Core/Src/button.o
 .debug_macro   0x000000000001429b      0x114 ./Core/Src/button.o
 .debug_macro   0x00000000000143af      0x1b2 ./Core/Src/button.o
 .debug_macro   0x0000000000014561       0x27 ./Core/Src/button.o
 .debug_macro   0x0000000000014588      0x136 ./Core/Src/button.o
 .debug_macro   0x00000000000146be      0x1bc ./Core/Src/button.o
 .debug_macro   0x000000000001487a       0x34 ./Core/Src/button.o
 .debug_macro   0x00000000000148ae       0x3c ./Core/Src/button.o
 .debug_macro   0x00000000000148ea       0x57 ./Core/Src/button.o
 .debug_macro   0x0000000000014941       0x88 ./Core/Src/button.o
 .debug_macro   0x00000000000149c9      0x241 ./Core/Src/button.o
 .debug_macro   0x0000000000014c0a      0x141 ./Core/Src/button.o
 .debug_macro   0x0000000000014d4b      0x8d1 ./Core/Src/button.o
 .debug_macro   0x000000000001561c      0x279 ./Core/Src/button.o
 .debug_macro   0x0000000000015895       0x83 ./Core/Src/button.o
 .debug_macro   0x0000000000015918       0x7c ./Core/Src/button.o
 .debug_macro   0x0000000000015994       0x3a ./Core/Src/button.o
 .debug_macro   0x00000000000159ce       0x10 ./Core/Src/button.o
 .debug_macro   0x00000000000159de      0x212 ./Core/Src/fsm_automatic.o
 .debug_macro   0x0000000000015bf0       0x7c ./Core/Src/fsm_automatic.o
 .debug_macro   0x0000000000015c6c      0x2f4 ./Core/Src/fsm_automatic.o
 .debug_macro   0x0000000000015f60       0x1a ./Core/Src/global.o
 .debug_macro   0x0000000000015f7a      0x1ce ./Core/Src/led_segment_control.o
 .debug_macro   0x0000000000016148      0x1ea ./Core/Src/main.o
 .debug_macro   0x0000000000016332      0x1bb ./Core/Src/melody.o
 .debug_macro   0x00000000000164ed       0x1a ./Core/Src/software_timer.o
 .debug_macro   0x0000000000016507      0x1b2 ./Core/Src/stm32f1xx_hal_msp.o
 .debug_macro   0x00000000000166b9      0x1bc ./Core/Src/stm32f1xx_it.o
 .debug_macro   0x0000000000016875      0x1a3 ./Core/Src/system_stm32f1xx.o
 .debug_macro   0x0000000000016a18      0x1c7 ./Drivers/STM32F1xx_HAL_Driver/Src/stm32f1xx_hal.o
 .debug_macro   0x0000000000016bdf      0x1a3 ./Drivers/STM32F1xx_HAL_Driver/Src/stm32f1xx_hal_cortex.o
 .debug_macro   0x0000000000016d82      0x20e ./Drivers/STM32F1xx_HAL_Driver/Src/stm32f1xx_hal_gpio.o
 .debug_macro   0x0000000000016f90      0x1b5 ./Drivers/STM32F1xx_HAL_Driver/Src/stm32f1xx_hal_rcc.o
 .debug_macro   0x0000000000017145      0x1a4 ./Drivers/STM32F1xx_HAL_Driver/Src/stm32f1xx_hal_tim.o
 .debug_macro   0x00000000000172e9      0x1a3 ./Drivers/STM32F1xx_HAL_Driver/Src/stm32f1xx_hal_tim_ex.o
 .debug_macro   0x000000000001748c      0x1a4 ./Drivers/STM32F1xx_HAL_Driver/Src/stm32f1xx_hal_uart.o

.debug_line     0x0000000000000000     0xd238
 .debug_line    0x0000000000000000      0x81a ./Core/Src/button.o
 .debug_line    0x000000000000081a      0x97b ./Core/Src/fsm_automatic.o
 .debug_line    0x0000000000001195       0x4d ./Core/Src/global.o
 .debug_line    0x00000000000011e2      0x730 ./Core/Src/led_segment_control.o
 .debug_line    0x0000000000001912      0x8ab ./Core/Src/main.o
 .debug_line    0x00000000000021bd      0x6c4 ./Core/Src/melody.o
 .debug_line    0x0000000000002881      0x206 ./Core/Src/software_timer.o
 .debug_line    0x0000000000002a87      0x78b ./Core/Src/stm32f1xx_hal_msp.o
 .debug_line    0x0000000000003212      0x773 ./Core/Src/stm32f1xx_it.o
 .debug_line    0x0000000000003985      0x717 ./Core/Src/system_stm32f1xx.o
 .debug_line    0x000000000000409c       0x87 ./Core/Startup/startup_stm32f103rbtx.o
 .debug_line    0x0000000000004123      0x944 ./Drivers/STM32F1xx_HAL_Driver/Src/stm32f1xx_hal.o
 .debug_line    0x0000000000004a67      0xb2c ./Drivers/STM32F1xx_HAL_Driver/Src/stm32f1xx_hal_cortex.o
 .debug_line    0x0000000000005593      0x9db ./Drivers/STM32F1xx_HAL_Driver/Src/stm32f1xx_hal_gpio.o
 .debug_line    0x0000000000005f6e      0xd52 ./Drivers/STM32F1xx_HAL_Driver/Src/stm32f1xx_hal_rcc.o
 .debug_line    0x0000000000006cc0     0x32ed ./Drivers/STM32F1xx_HAL_Driver/Src/stm32f1xx_hal_tim.o
 .debug_line    0x0000000000009fad     0x186c ./Drivers/STM32F1xx_HAL_Driver/Src/stm32f1xx_hal_tim_ex.o
 .debug_line    0x000000000000b819     0x1a1f ./Drivers/STM32F1xx_HAL_Driver/Src/stm32f1xx_hal_uart.o

.debug_str      0x0000000000000000    0x873f6
 .debug_str     0x0000000000000000    0x83a49 ./Core/Src/button.o
                                      0x83e40 (size before relaxing)
 .debug_str     0x0000000000083a49      0xabf ./Core/Src/fsm_automatic.o
                                      0x8479f (size before relaxing)
 .debug_str     0x0000000000084508       0x15 ./Core/Src/global.o
                                       0x316a (size before relaxing)
 .debug_str     0x000000000008451d       0x6f ./Core/Src/led_segment_control.o
                                      0x840d3 (size before relaxing)
 .debug_str     0x000000000008458c      0x51e ./Core/Src/main.o
                                      0x84c97 (size before relaxing)
 .debug_str     0x0000000000084aaa       0x51 ./Core/Src/melody.o
                                      0x84150 (size before relaxing)
 .debug_str     0x0000000000084afb       0xb4 ./Core/Src/software_timer.o
                                       0x2f5a (size before relaxing)
 .debug_str     0x0000000000084baf      0x365 ./Core/Src/stm32f1xx_hal_msp.o
                                      0x840f3 (size before relaxing)
 .debug_str     0x0000000000084f14       0xcd ./Core/Src/stm32f1xx_it.o
                                      0x83b79 (size before relaxing)
 .debug_str     0x0000000000084fe1       0x52 ./Core/Src/system_stm32f1xx.o
                                      0x8343d (size before relaxing)
 .debug_str     0x0000000000085033       0x36 ./Core/Startup/startup_stm32f103rbtx.o
                                         0x59 (size before relaxing)
 .debug_str     0x0000000000085069      0x304 ./Drivers/STM32F1xx_HAL_Driver/Src/stm32f1xx_hal.o
                                      0x83ace (size before relaxing)
 .debug_str     0x000000000008536d      0x300 ./Drivers/STM32F1xx_HAL_Driver/Src/stm32f1xx_hal_cortex.o
                                      0x83ad6 (size before relaxing)
 .debug_str     0x000000000008566d      0x316 ./Drivers/STM32F1xx_HAL_Driver/Src/stm32f1xx_hal_gpio.o
                                      0x83801 (size before relaxing)
 .debug_str     0x0000000000085983      0x24f ./Drivers/STM32F1xx_HAL_Driver/Src/stm32f1xx_hal_rcc.o
                                      0x8383a (size before relaxing)
 .debug_str     0x0000000000085bd2      0xd49 ./Drivers/STM32F1xx_HAL_Driver/Src/stm32f1xx_hal_tim.o
                                      0x8480c (size before relaxing)
 .debug_str     0x000000000008691b      0x4ee ./Drivers/STM32F1xx_HAL_Driver/Src/stm32f1xx_hal_tim_ex.o
                                      0x83fbd (size before relaxing)
 .debug_str     0x0000000000086e09      0x5ed ./Drivers/STM32F1xx_HAL_Driver/Src/stm32f1xx_hal_uart.o
                                      0x83e2c (size before relaxing)

.comment        0x0000000000000000       0x53
 .comment       0x0000000000000000       0x53 ./Core/Src/button.o
                                         0x54 (size before relaxing)
 .comment       0x0000000000000053       0x54 ./Core/Src/fsm_automatic.o
 .comment       0x0000000000000053       0x54 ./Core/Src/global.o
 .comment       0x0000000000000053       0x54 ./Core/Src/led_segment_control.o
 .comment       0x0000000000000053       0x54 ./Core/Src/main.o
 .comment       0x0000000000000053       0x54 ./Core/Src/melody.o
 .comment       0x0000000000000053       0x54 ./Core/Src/software_timer.o
 .comment       0x0000000000000053       0x54 ./Core/Src/stm32f1xx_hal_msp.o
 .comment       0x0000000000000053       0x54 ./Core/Src/stm32f1xx_it.o
 .comment       0x0000000000000053       0x54 ./Core/Src/system_stm32f1xx.o
 .comment       0x0000000000000053       0x54 ./Drivers/STM32F1xx_HAL_Driver/Src/stm32f1xx_hal.o
 .comment       0x0000000000000053       0x54 ./Drivers/STM32F1xx_HAL_Driver/Src/stm32f1xx_hal_cortex.o
 .comment       0x0000000000000053       0x54 ./Drivers/STM32F1xx_HAL_Driver/Src/stm32f1xx_hal_gpio.o
 .comment       0x0000000000000053       0x54 ./Drivers/STM32F1xx_HAL_Driver/Src/stm32f1xx_hal_rcc.o
 .comment       0x0000000000000053       0x54 ./Drivers/STM32F1xx_HAL_Driver/Src/stm32f1xx_hal_tim.o
 .comment       0x0000000000000053       0x54 ./Drivers/STM32F1xx_HAL_Driver/Src/stm32f1xx_hal_tim_ex.o
 .comment       0x0000000000000053       0x54 ./Drivers/STM32F1xx_HAL_Driver/Src/stm32f1xx_hal_uart.o

.debug_frame    0x0000000000000000     0x3338
 .debug_frame   0x0000000000000000       0xd4 ./Core/Src/button.o
 .debug_frame   0x00000000000000d4       0x3c ./Core/Src/fsm_automatic.o
 .debug_frame   0x0000000000000110       0x74 ./Core/Src/led_segment_control.o
 .debug_frame   0x0000000000000184      0x11c ./Core/Src/main.o
 .debug_frame   0x00000000000002a0       0x60 ./Core/Src/melody.o
 .debug_frame   0x0000000000000300      0x170 ./Core/Src/software_timer.o
 .debug_frame   0x0000000000000470      0x13c ./Core/Src/stm32f1xx_hal_msp.o
 .debug_frame   0x00000000000005ac      0x120 ./Core/Src/stm32f1xx_it.o
 .debug_frame   0x00000000000006cc       0x58 ./Core/Src/system_stm32f1xx.o
 .debug_frame   0x0000000000000724      0x334 ./Drivers/STM32F1xx_HAL_Driver/Src/stm32f1xx_hal.o
 .debug_frame   0x0000000000000a58      0x428 ./Drivers/STM32F1xx_HAL_Driver/Src/stm32f1xx_hal_cortex.o
 .debug_frame   0x0000000000000e80      0x14c ./Drivers/STM32F1xx_HAL_Driver/Src/stm32f1xx_hal_gpio.o
 .debug_frame   0x0000000000000fcc      0x21c ./Drivers/STM32F1xx_HAL_Driver/Src/stm32f1xx_hal_rcc.o
 .debug_frame   0x00000000000011e8     0x11b8 ./Drivers/STM32F1xx_HAL_Driver/Src/stm32f1xx_hal_tim.o
 .debug_frame   0x00000000000023a0      0x638 ./Drivers/STM32F1xx_HAL_Driver/Src/stm32f1xx_hal_tim_ex.o
 .debug_frame   0x00000000000029d8      0x914 ./Drivers/STM32F1xx_HAL_Driver/Src/stm32f1xx_hal_uart.o
 .debug_frame   0x00000000000032ec       0x2c d:/not games/stm32cubeide_1.7.0/stm32cubeide/plugins/com.st.stm32cube.ide.mcu.externaltools.gnu-tools-for-stm32.9-2020-q2-update.win32_2.0.0.202105311346/tools/bin/../lib/gcc/arm-none-eabi/9.3.1/../../../../arm-none-eabi/lib/thumb/v7-m/nofp\libc_nano.a(lib_a-init.o)
 .debug_frame   0x0000000000003318       0x20 d:/not games/stm32cubeide_1.7.0/stm32cubeide/plugins/com.st.stm32cube.ide.mcu.externaltools.gnu-tools-for-stm32.9-2020-q2-update.win32_2.0.0.202105311346/tools/bin/../lib/gcc/arm-none-eabi/9.3.1/../../../../arm-none-eabi/lib/thumb/v7-m/nofp\libc_nano.a(lib_a-memset.o)
